fencerunner: supervised: running 25 script(s) across 25 run dir(s)
fencerunner: [1/25] abs
fencerunner: script abs stderr:
/Users/achyland/Desktop/fencerunner/scratch/inheritance/abs/abs.sh: line 72: 10840 Terminated: 15          ( sleep "${triage_timeout_seconds}"; if kill -0 "${pid}" 2> /dev/null; then
    echo "timed_out" > "${timeout_flag}"; kill "${pid}" 2> /dev/null || true;
fi )
fencerunner: script abs -> success
fencerunner: [2/25] array-contains
fencerunner: script array-contains stderr:
/Users/achyland/Desktop/fencerunner/scratch/inheritance/array-contains/array-contains.sh: line 72: 10865 Terminated: 15          ( sleep "${triage_timeout_seconds}"; if kill -0 "${pid}" 2> /dev/null; then
    echo "timed_out" > "${timeout_flag}"; kill "${pid}" 2> /dev/null || true;
fi )
fencerunner: script array-contains -> error
fencerunner: [3/25] array-to-string
fencerunner: script array-to-string stderr:
/Users/achyland/Desktop/fencerunner/scratch/inheritance/array-to-string/array-to-string.sh: line 72: 10889 Terminated: 15          ( sleep "${triage_timeout_seconds}"; if kill -0 "${pid}" 2> /dev/null; then
    echo "timed_out" > "${timeout_flag}"; kill "${pid}" 2> /dev/null || true;
fi )
fencerunner: script array-to-string -> error
fencerunner: [4/25] center-text
fencerunner: script center-text stderr:
/Users/achyland/Desktop/fencerunner/scratch/inheritance/center-text/center-text.sh: line 72: 10923 Terminated: 15          ( sleep "${triage_timeout_seconds}"; if kill -0 "${pid}" 2> /dev/null; then
    echo "timed_out" > "${timeout_flag}"; kill "${pid}" 2> /dev/null || true;
fi )
fencerunner: script center-text -> error
fencerunner: [5/25] check-prerequisites
fencerunner: script check-prerequisites stderr:
/Users/achyland/Desktop/fencerunner/scratch/inheritance/check-prerequisites/check-prerequisites.sh: line 72: 10955 Terminated: 15          ( sleep "${triage_timeout_seconds}"; if kill -0 "${pid}" 2> /dev/null; then
    echo "timed_out" > "${timeout_flag}"; kill "${pid}" 2> /dev/null || true;
fi )
fencerunner: script check-prerequisites -> error
fencerunner: [6/25] compare-versions
fencerunner: script compare-versions stderr:
/Users/achyland/Desktop/fencerunner/scratch/inheritance/compare-versions/compare-versions.sh: line 72: 10975 Terminated: 15          ( sleep "${triage_timeout_seconds}"; if kill -0 "${pid}" 2> /dev/null; then
    echo "timed_out" > "${timeout_flag}"; kill "${pid}" 2> /dev/null || true;
fi )
fencerunner: script compare-versions -> success
fencerunner: [7/25] contains
fencerunner: script contains stderr:
/Users/achyland/Desktop/fencerunner/scratch/inheritance/contains/contains.sh: line 72: 10998 Terminated: 15          ( sleep "${triage_timeout_seconds}"; if kill -0 "${pid}" 2> /dev/null; then
    echo "timed_out" > "${timeout_flag}"; kill "${pid}" 2> /dev/null || true;
fi )
fencerunner: script contains -> success
fencerunner: [8/25] countdown
fencerunner: script countdown stderr:
/Users/achyland/Desktop/fencerunner/scratch/inheritance/countdown/countdown.sh: line 72: 11027 Terminated: 15          ( sleep "${triage_timeout_seconds}"; if kill -0 "${pid}" 2> /dev/null; then
    echo "timed_out" > "${timeout_flag}"; kill "${pid}" 2> /dev/null || true;
fi )
fencerunner: script countdown -> success
fencerunner: [9/25] error-messages
fencerunner: script error-messages stderr:
/Users/achyland/Desktop/fencerunner/scratch/inheritance/error-messages/error-messages.sh: line 72: 11064 Terminated: 15          ( sleep "${triage_timeout_seconds}"; if kill -0 "${pid}" 2> /dev/null; then
    echo "timed_out" > "${timeout_flag}"; kill "${pid}" 2> /dev/null || true;
fi )
fencerunner: script error-messages -> success
fencerunner: [10/25] get-confirmation
fencerunner: script get-confirmation stderr:
/Users/achyland/Desktop/fencerunner/scratch/inheritance/triage/triage_rules.generated.bash: line 21: TRIAGE_EMIT_COMMITMENTS: unbound variable
fencerunner: script get-confirmation -> synthetic(error)
fencerunner: [11/25] get-git-root
fencerunner: script get-git-root stderr:
/Users/achyland/Desktop/fencerunner/scratch/inheritance/get-git-root/get-git-root.sh: line 72: 11089 Terminated: 15          ( sleep "${triage_timeout_seconds}"; if kill -0 "${pid}" 2> /dev/null; then
    echo "timed_out" > "${timeout_flag}"; kill "${pid}" 2> /dev/null || true;
fi )
fencerunner: script get-git-root -> success
fencerunner: [12/25] get-script-info
fencerunner: script get-script-info stderr:
/Users/achyland/Desktop/fencerunner/scratch/inheritance/get-script-info/get-script-info.sh: line 72: 11132 Terminated: 15          ( sleep "${triage_timeout_seconds}"; if kill -0 "${pid}" 2> /dev/null; then
    echo "timed_out" > "${timeout_flag}"; kill "${pid}" 2> /dev/null || true;
fi )
fencerunner: script get-script-info -> success
fencerunner: [13/25] get-terraform-version
fencerunner: script get-terraform-version stderr:
/Users/achyland/Desktop/fencerunner/scratch/inheritance/get-terraform-version/get-terraform-version.sh: line 72: 11168 Terminated: 15          ( sleep "${triage_timeout_seconds}"; if kill -0 "${pid}" 2> /dev/null; then
    echo "timed_out" > "${timeout_flag}"; kill "${pid}" 2> /dev/null || true;
fi )
fencerunner: script get-terraform-version -> error
fencerunner: [14/25] get-version-string
fencerunner: script get-version-string stderr:
/Users/achyland/Desktop/fencerunner/scratch/inheritance/get-version-string/get-version-string.sh: line 72: 11203 Terminated: 15          ( sleep "${triage_timeout_seconds}"; if kill -0 "${pid}" 2> /dev/null; then
    echo "timed_out" > "${timeout_flag}"; kill "${pid}" 2> /dev/null || true;
fi )
fencerunner: script get-version-string -> success
fencerunner: [15/25] is-git-repo
fencerunner: script is-git-repo stderr:
/Users/achyland/Desktop/fencerunner/scratch/inheritance/is-git-repo/is-git-repo.sh: line 72: 11229 Terminated: 15          ( sleep "${triage_timeout_seconds}"; if kill -0 "${pid}" 2> /dev/null; then
    echo "timed_out" > "${timeout_flag}"; kill "${pid}" 2> /dev/null || true;
fi )
fencerunner: script is-git-repo -> success
fencerunner: [16/25] rollingback
fencerunner: script rollingback stderr:
/Users/achyland/Desktop/fencerunner/scratch/inheritance/rollingback/rollingback.sh: line 72: 11260 Terminated: 15          ( sleep "${triage_timeout_seconds}"; if kill -0 "${pid}" 2> /dev/null; then
    echo "timed_out" > "${timeout_flag}"; kill "${pid}" 2> /dev/null || true;
fi )
fencerunner: script rollingback -> success
fencerunner: [17/25] stacktrace
fencerunner: script stacktrace stderr:
/Users/achyland/Desktop/fencerunner/scratch/inheritance/stacktrace/stacktrace.sh: line 72: 11290 Terminated: 15          ( sleep "${triage_timeout_seconds}"; if kill -0 "${pid}" 2> /dev/null; then
    echo "timed_out" > "${timeout_flag}"; kill "${pid}" 2> /dev/null || true;
fi )
fencerunner: script stacktrace -> success
fencerunner: [18/25] strict-mode
fencerunner: script strict-mode stderr:
/Users/achyland/Desktop/fencerunner/scratch/inheritance/strict-mode/strict-mode.sh: line 72: 11321 Terminated: 15          ( sleep "${triage_timeout_seconds}"; if kill -0 "${pid}" 2> /dev/null; then
    echo "timed_out" > "${timeout_flag}"; kill "${pid}" 2> /dev/null || true;
fi )
fencerunner: script strict-mode -> success
fencerunner: [19/25] sudo-librarian-puppet
fencerunner: script sudo-librarian-puppet stderr:
/Users/achyland/Desktop/fencerunner/scratch/inheritance/triage/triage_rules.generated.bash: line 21: TRIAGE_EMIT_COMMITMENTS: unbound variable
fencerunner: script sudo-librarian-puppet -> synthetic(error)
fencerunner: [20/25] terminal-or-not
fencerunner: script terminal-or-not stderr:
/Users/achyland/Desktop/fencerunner/scratch/inheritance/terminal-or-not/terminal-or-not.sh: line 72: 11349 Terminated: 15          ( sleep "${triage_timeout_seconds}"; if kill -0 "${pid}" 2> /dev/null; then
    echo "timed_out" > "${timeout_flag}"; kill "${pid}" 2> /dev/null || true;
fi )
fencerunner: script terminal-or-not -> success
fencerunner: [21/25] untag
fencerunner: script untag stderr:
/Users/achyland/Desktop/fencerunner/scratch/inheritance/triage/triage_rules.generated.bash: line 21: TRIAGE_EMIT_COMMITMENTS: unbound variable
fencerunner: script untag -> synthetic(error)
fencerunner: [22/25] using-colour
